// Jest Snapshot v1, https://goo.gl/fbAQLP

exports[`FormTitle component snapshot matches the snapshot 1`] = `
<div
  className="MuiBox-root MuiBox-root-2"
>
  <div
    className="MuiBox-root MuiBox-root-3"
  >
    <div
      className="MuiBox-root MuiBox-root-4"
    >
      <svg
        aria-hidden="true"
        className="MuiSvgIcon-root"
        focusable="false"
        role="presentation"
        viewBox="0 0 24 24"
      >
        <g
          fill="none"
        >
          <path
            d="M0 0h24v24H0V0z"
          />
          <path
            d="M0 0h24v24H0V0z"
            opacity=".87"
          />
        </g>
        <path
          d="M18 8h-1V6c0-2.76-2.24-5-5-5S7 3.24 7 6v2H6c-1.1 0-2 .9-2 2v10c0 1.1.9 2 2 2h12c1.1 0 2-.9 2-2V10c0-1.1-.9-2-2-2zM9 6c0-1.66 1.34-3 3-3s3 1.34 3 3v2H9V6zm9 14H6V10h12v10zm-6-3c1.1 0 2-.9 2-2s-.9-2-2-2-2 .9-2 2 .9 2 2 2z"
        />
      </svg>
    </div>
  </div>
  <div
    className="MuiBox-root MuiBox-root-14"
  >
    Please enter your email
  </div>
</div>
`;
