// Jest Snapshot v1, https://goo.gl/fbAQLP

exports[`QuantitySelect component matches the snapshot 1`] = `
<div
  className="MuiInputBase-root MuiInput-root MuiInput-underline"
  onClick={[Function]}
>
  <select
    className="MuiNativeSelect-root MuiNativeSelect-select MuiInputBase-input MuiInput-input MuiInputBase-inputSelect"
    onBlur={[Function]}
    onChange={[Function]}
    onFocus={[Function]}
    value={2}
  >
    <option
      value={1}
    >
      1
    </option>
    <option
      value={2}
    >
      2
    </option>
    <option
      value={3}
    >
      3
    </option>
    <option
      value={4}
    >
      4
    </option>
    <option
      value={5}
    >
      5
    </option>
    <option
      value={6}
    >
      6
    </option>
    <option
      value={7}
    >
      7
    </option>
    <option
      value={8}
    >
      8
    </option>
    <option
      value={9}
    >
      9
    </option>
    <option
      value={10}
    >
      10
    </option>
    <option
      value={11}
    >
      11
    </option>
    <option
      value={12}
    >
      12
    </option>
    <option
      value={13}
    >
      13
    </option>
    <option
      value={14}
    >
      14
    </option>
    <option
      value={15}
    >
      15
    </option>
    <option
      value={16}
    >
      16
    </option>
    <option
      value={17}
    >
      17
    </option>
    <option
      value={18}
    >
      18
    </option>
    <option
      value={19}
    >
      19
    </option>
    <option
      value={20}
    >
      20
    </option>
  </select>
  <svg
    aria-hidden="true"
    className="MuiSvgIcon-root MuiNativeSelect-icon"
    focusable="false"
    role="presentation"
    viewBox="0 0 24 24"
  >
    <path
      d="M7 10l5 5 5-5z"
    />
  </svg>
</div>
`;
