// Jest Snapshot v1, https://goo.gl/fbAQLP

exports[`SignIn component snapshot matches the snapshot 1`] = `
<main
  className="MuiContainer-root MuiContainer-maxWidthXs"
>
  <form
    onSubmit={[Function]}
  >
    <div
      className="MuiBox-root MuiBox-root-11"
    >
      <div
        className="MuiBox-root MuiBox-root-12"
      >
        <div
          className="MuiBox-root MuiBox-root-13"
        >
          <div
            className="MuiBox-root MuiBox-root-14"
          >
            <svg
              aria-hidden="true"
              className="MuiSvgIcon-root"
              focusable="false"
              role="presentation"
              viewBox="0 0 24 24"
            >
              <g
                fill="none"
              >
                <path
                  d="M0 0h24v24H0V0z"
                />
                <path
                  d="M0 0h24v24H0V0z"
                  opacity=".87"
                />
              </g>
              <path
                d="M18 8h-1V6c0-2.76-2.24-5-5-5S7 3.24 7 6v2H6c-1.1 0-2 .9-2 2v10c0 1.1.9 2 2 2h12c1.1 0 2-.9 2-2V10c0-1.1-.9-2-2-2zM9 6c0-1.66 1.34-3 3-3s3 1.34 3 3v2H9V6zm9 14H6V10h12v10zm-6-3c1.1 0 2-.9 2-2s-.9-2-2-2-2 .9-2 2 .9 2 2 2z"
              />
            </svg>
          </div>
        </div>
        <div
          className="MuiBox-root MuiBox-root-24"
        >
          <span>
            Sign In
          </span>
        </div>
      </div>
      <div
        className="MuiBox-root MuiBox-root-25"
      >
        
      </div>
      <div
        className="MuiBox-root MuiBox-root-26"
      >
        <div
          className="MuiFormControl-root MuiTextField-root MuiFormControl-fullWidth"
        >
          <label
            className="MuiFormLabel-root MuiInputLabel-root MuiInputLabel-formControl MuiInputLabel-animated MuiInputLabel-outlined Mui-required Mui-required"
            data-shrink={false}
            htmlFor="email"
          >
            Email Address
            <span
              className="MuiFormLabel-asterisk MuiInputLabel-asterisk"
            >
               
              *
            </span>
          </label>
          <div
            className="MuiInputBase-root MuiOutlinedInput-root MuiInputBase-fullWidth MuiInputBase-formControl"
            onClick={[Function]}
          >
            <fieldset
              aria-hidden={true}
              className="PrivateNotchedOutline-root-83 MuiOutlinedInput-notchedOutline"
              style={
                Object {
                  "paddingLeft": 8,
                }
              }
            >
              <legend
                className="PrivateNotchedOutline-legend-84"
                style={
                  Object {
                    "width": 0.01,
                  }
                }
              >
                <span
                  dangerouslySetInnerHTML={
                    Object {
                      "__html": "&#8203;",
                    }
                  }
                />
              </legend>
            </fieldset>
            <input
              aria-invalid={false}
              autoComplete="email"
              className="MuiInputBase-input MuiOutlinedInput-input"
              disabled={false}
              id="email"
              onBlur={[Function]}
              onChange={[Function]}
              onFocus={[Function]}
              required={true}
              type="email"
              value=""
            />
          </div>
        </div>
      </div>
      <div
        className="MuiBox-root MuiBox-root-85"
      >
        <div
          className="MuiFormControl-root MuiTextField-root MuiFormControl-fullWidth"
        >
          <label
            className="MuiFormLabel-root MuiInputLabel-root MuiInputLabel-formControl MuiInputLabel-animated MuiInputLabel-outlined Mui-required Mui-required"
            data-shrink={false}
            htmlFor="password"
          >
            Password
            <span
              className="MuiFormLabel-asterisk MuiInputLabel-asterisk"
            >
               
              *
            </span>
          </label>
          <div
            className="MuiInputBase-root MuiOutlinedInput-root MuiInputBase-fullWidth MuiInputBase-formControl"
            onClick={[Function]}
          >
            <fieldset
              aria-hidden={true}
              className="PrivateNotchedOutline-root-83 MuiOutlinedInput-notchedOutline"
              style={
                Object {
                  "paddingLeft": 8,
                }
              }
            >
              <legend
                className="PrivateNotchedOutline-legend-84"
                style={
                  Object {
                    "width": 0.01,
                  }
                }
              >
                <span
                  dangerouslySetInnerHTML={
                    Object {
                      "__html": "&#8203;",
                    }
                  }
                />
              </legend>
            </fieldset>
            <input
              aria-invalid={false}
              autoComplete="current-password"
              className="MuiInputBase-input MuiOutlinedInput-input"
              disabled={false}
              id="password"
              onBlur={[Function]}
              onChange={[Function]}
              onFocus={[Function]}
              required={true}
              type="password"
              value=""
            />
          </div>
        </div>
      </div>
      <div
        className="MuiBox-root MuiBox-root-86"
      >
        <div
          className="MuiBox-root MuiBox-root-87 makeStyles-btnWrapper-1"
        >
          <button
            className="MuiButtonBase-root MuiButton-root MuiButton-contained MuiButton-containedPrimary MuiButton-fullWidth"
            disabled={false}
            onBlur={[Function]}
            onDragLeave={[Function]}
            onFocus={[Function]}
            onKeyDown={[Function]}
            onKeyUp={[Function]}
            onMouseDown={[Function]}
            onMouseLeave={[Function]}
            onMouseUp={[Function]}
            onTouchEnd={[Function]}
            onTouchMove={[Function]}
            onTouchStart={[Function]}
            tabIndex={0}
            type="submit"
          >
            <span
              className="MuiButton-label"
            >
              <span>
                Sign In
              </span>
            </span>
          </button>
        </div>
      </div>
      <div
        className="MuiBox-root MuiBox-root-108"
      >
        <div
          className="MuiGrid-root MuiGrid-container"
        >
          <div
            className="MuiGrid-root MuiGrid-item MuiGrid-grid-xs-true"
          >
            <a
              className="MuiTypography-root MuiLink-root MuiLink-underlineHover MuiTypography-body2 MuiTypography-colorPrimary"
              href="#"
              onBlur={[Function]}
              onClick={[Function]}
              onFocus={[Function]}
            >
              Forgot password?
            </a>
          </div>
          <div
            className="MuiGrid-root MuiGrid-item"
          >
            <a
              className="MuiTypography-root MuiLink-root MuiLink-underlineHover MuiTypography-body2 MuiTypography-colorPrimary"
              href="#"
              onBlur={[Function]}
              onClick={[Function]}
              onFocus={[Function]}
            >
              No account? Sign Up
            </a>
          </div>
        </div>
      </div>
    </div>
  </form>
</main>
`;
