// Jest Snapshot v1, https://goo.gl/fbAQLP

exports[`Confirm Order component matches the snapshot 1`] = `
<header
  className="MuiPaper-root MuiPaper-elevation4 MuiAppBar-root MuiAppBar-positionFixed makeStyles-appBar-1 MuiAppBar-colorPrimary mui-fixed"
>
  <div
    className="MuiToolbar-root MuiToolbar-regular MuiToolbar-gutters"
  >
    <button
      aria-label="Open drawer"
      className="MuiButtonBase-root MuiIconButton-root makeStyles-menuButton-2 MuiIconButton-colorInherit Mui-disabled MuiIconButton-edgeStart Mui-disabled"
      disabled={true}
      onBlur={[Function]}
      onClick={null}
      onDragLeave={[Function]}
      onFocus={[Function]}
      onKeyDown={[Function]}
      onKeyUp={[Function]}
      onMouseDown={[Function]}
      onMouseLeave={[Function]}
      onMouseUp={[Function]}
      onTouchEnd={[Function]}
      onTouchMove={[Function]}
      onTouchStart={[Function]}
      tabIndex={-1}
      type="button"
    >
      <span
        className="MuiIconButton-label"
      >
        <svg
          aria-hidden="true"
          className="MuiSvgIcon-root"
          focusable="false"
          role="presentation"
          viewBox="0 0 24 24"
        >
          <path
            d="M3 18h18v-2H3v2zm0-5h18v-2H3v2zm0-7v2h18V6H3z"
          />
        </svg>
      </span>
    </button>
    <div
      className="MuiBox-root MuiBox-root-66"
    >
      Sample
    </div>
    <div
      className="MuiBox-root MuiBox-root-67"
    >
      <div
        className="MuiGrid-root MuiGrid-container"
      >
        <div
          className="MuiBox-root MuiBox-root-171"
        />
        <a
          href="/cart"
          onClick={[Function]}
          style={
            Object {
              "color": "white",
            }
          }
        >
          <button
            className="MuiButtonBase-root MuiIconButton-root MuiIconButton-colorInherit"
            disabled={false}
            onBlur={[Function]}
            onDragLeave={[Function]}
            onFocus={[Function]}
            onKeyDown={[Function]}
            onKeyUp={[Function]}
            onMouseDown={[Function]}
            onMouseLeave={[Function]}
            onMouseUp={[Function]}
            onTouchEnd={[Function]}
            onTouchMove={[Function]}
            onTouchStart={[Function]}
            tabIndex={0}
            type="button"
          >
            <span
              className="MuiIconButton-label"
            >
              <span
                className="MuiBadge-root"
              >
                <svg
                  aria-hidden="true"
                  className="MuiSvgIcon-root"
                  focusable="false"
                  role="presentation"
                  viewBox="0 0 24 24"
                >
                  <path
                    d="M7 18c-1.1 0-1.99.9-1.99 2S5.9 22 7 22s2-.9 2-2-.9-2-2-2zM1 2v2h2l3.6 7.59-1.35 2.45c-.16.28-.25.61-.25.96 0 1.1.9 2 2 2h12v-2H7.42c-.14 0-.25-.11-.25-.25l.03-.12.9-1.63h7.45c.75 0 1.41-.41 1.75-1.03l3.58-6.49c.08-.14.12-.31.12-.48 0-.55-.45-1-1-1H5.21l-.94-2H1zm16 16c-1.1 0-1.99.9-1.99 2s.89 2 1.99 2 2-.9 2-2-.9-2-2-2z"
                  />
                </svg>
                <span
                  className="MuiBadge-badge MuiBadge-colorSecondary MuiBadge-invisible"
                />
              </span>
            </span>
            <span
              className="MuiTouchRipple-root"
            />
          </button>
        </a>
      </div>
    </div>
  </div>
</header>
`;

exports[`Titalbar component matches the snapshot 1`] = `
<header
  className="MuiPaper-root MuiPaper-elevation4 MuiAppBar-root MuiAppBar-positionFixed makeStyles-appBar-1 MuiAppBar-colorPrimary mui-fixed"
>
  <div
    className="MuiToolbar-root MuiToolbar-regular MuiToolbar-gutters"
  >
    <button
      aria-label="Open drawer"
      className="MuiButtonBase-root MuiIconButton-root makeStyles-menuButton-2 MuiIconButton-colorInherit Mui-disabled MuiIconButton-edgeStart Mui-disabled"
      disabled={true}
      onBlur={[Function]}
      onClick={null}
      onDragLeave={[Function]}
      onFocus={[Function]}
      onKeyDown={[Function]}
      onKeyUp={[Function]}
      onMouseDown={[Function]}
      onMouseLeave={[Function]}
      onMouseUp={[Function]}
      onTouchEnd={[Function]}
      onTouchMove={[Function]}
      onTouchStart={[Function]}
      tabIndex={-1}
      type="button"
    >
      <span
        className="MuiIconButton-label"
      >
        <svg
          aria-hidden="true"
          className="MuiSvgIcon-root"
          focusable="false"
          role="presentation"
          viewBox="0 0 24 24"
        >
          <path
            d="M3 18h18v-2H3v2zm0-5h18v-2H3v2zm0-7v2h18V6H3z"
          />
        </svg>
      </span>
    </button>
    <div
      className="MuiBox-root MuiBox-root-66"
    >
      Sample
    </div>
    <div
      className="MuiBox-root MuiBox-root-67"
    >
      <div
        className="MuiGrid-root MuiGrid-container"
      >
        <div
          className="MuiBox-root MuiBox-root-171"
        />
        <a
          href="/cart"
          onClick={[Function]}
          style={
            Object {
              "color": "white",
            }
          }
        >
          <button
            className="MuiButtonBase-root MuiIconButton-root MuiIconButton-colorInherit"
            disabled={false}
            onBlur={[Function]}
            onDragLeave={[Function]}
            onFocus={[Function]}
            onKeyDown={[Function]}
            onKeyUp={[Function]}
            onMouseDown={[Function]}
            onMouseLeave={[Function]}
            onMouseUp={[Function]}
            onTouchEnd={[Function]}
            onTouchMove={[Function]}
            onTouchStart={[Function]}
            tabIndex={0}
            type="button"
          >
            <span
              className="MuiIconButton-label"
            >
              <span
                className="MuiBadge-root"
              >
                <svg
                  aria-hidden="true"
                  className="MuiSvgIcon-root"
                  focusable="false"
                  role="presentation"
                  viewBox="0 0 24 24"
                >
                  <path
                    d="M7 18c-1.1 0-1.99.9-1.99 2S5.9 22 7 22s2-.9 2-2-.9-2-2-2zM1 2v2h2l3.6 7.59-1.35 2.45c-.16.28-.25.61-.25.96 0 1.1.9 2 2 2h12v-2H7.42c-.14 0-.25-.11-.25-.25l.03-.12.9-1.63h7.45c.75 0 1.41-.41 1.75-1.03l3.58-6.49c.08-.14.12-.31.12-.48 0-.55-.45-1-1-1H5.21l-.94-2H1zm16 16c-1.1 0-1.99.9-1.99 2s.89 2 1.99 2 2-.9 2-2-.9-2-2-2z"
                  />
                </svg>
                <span
                  className="MuiBadge-badge MuiBadge-colorSecondary MuiBadge-invisible"
                />
              </span>
            </span>
            <span
              className="MuiTouchRipple-root"
            />
          </button>
        </a>
      </div>
    </div>
  </div>
</header>
`;
